// Vitest Snapshot v1, https://vitest.dev/guide/snapshot.html

exports[`paged classification > records the paged verdict for review 1`] = `
"query  GET  /v1/activities
query  GET  /v1/attachments
query  GET  /v1/build/builds
query  GET  /v1/comments
query  GET  /v1/directory/departments
query  GET  /v1/directory/groups
query  GET  /v1/directory/groups/{group_id}/members
query  GET  /v1/directory/jobs
query  GET  /v1/directory/roles
query  GET  /v1/directory/users
query  GET  /v1/participants
query  GET  /v1/pjm/deliverables
query  GET  /v1/pjm/processes
query  GET  /v1/pjm/project/states
query  GET  /v1/pjm/project_properties
query  GET  /v1/pjm/projects
query  GET  /v1/pjm/projects/{project_id}/boards
query  GET  /v1/pjm/projects/{project_id}/boards/{board_id}/entries
query  GET  /v1/pjm/projects/{project_id}/boards/{board_id}/swimlanes
query  GET  /v1/pjm/projects/{project_id}/members
query  GET  /v1/pjm/projects/{project_id}/project_properties
query  GET  /v1/pjm/projects/{project_id}/sprint_categories
query  GET  /v1/pjm/projects/{project_id}/sprint_sections
query  GET  /v1/pjm/projects/{project_id}/sprints
query  GET  /v1/pjm/projects/{project_id}/version_categories
query  GET  /v1/pjm/projects/{project_id}/version_sections
query  GET  /v1/pjm/projects/{project_id}/versions
query  GET  /v1/pjm/stages
query  GET  /v1/pjm/work_item/priorities
query  GET  /v1/pjm/work_item/properties
query  GET  /v1/pjm/work_item/relation_types
query  GET  /v1/pjm/work_item/states
query  GET  /v1/pjm/work_item/tags
query  GET  /v1/pjm/work_item/types
query  GET  /v1/pjm/work_item_properties
query  GET  /v1/pjm/work_item_property_plans
query  GET  /v1/pjm/work_item_property_plans/{property_plan_id}/work_item_properties
query  GET  /v1/pjm/work_item_state_plans
query  GET  /v1/pjm/work_item_state_plans/{state_plan_id}/work_item_state_flows
query  GET  /v1/pjm/work_item_state_plans/{state_plan_id}/work_item_states
query  GET  /v1/pjm/work_item_states
query  GET  /v1/pjm/work_item_tags
query  GET  /v1/pjm/work_item_type_plans
query  GET  /v1/pjm/work_item_type_plans/{work_item_type_plan_id}/work_item_types
query  GET  /v1/pjm/work_item_types
query  GET  /v1/pjm/work_items
query  GET  /v1/pjm/work_items/{work_item_id}/relations
query  GET  /v1/pjm/work_items/{work_item_id}/transition_histories
query  GET  /v1/relations
query  GET  /v1/release/deploys
query  GET  /v1/release/environments
query  GET  /v1/reviews
query  GET  /v1/reviews/{review_id}/principals
query  GET  /v1/scm/commits
query  GET  /v1/scm/products
query  GET  /v1/scm/products/{product_id}/repositories
query  GET  /v1/scm/products/{product_id}/repositories/{repository_id}/branches
query  GET  /v1/scm/products/{product_id}/repositories/{repository_id}/pull_requests
query  GET  /v1/scm/products/{product_id}/repositories/{repository_id}/pull_requests/{pull_request_id}/reviews
query  GET  /v1/scm/products/{product_id}/repositories/{repository_id}/refs
query  GET  /v1/scm/products/{product_id}/users
query  GET  /v1/security/audit_logs
query  GET  /v1/security/login_logs
query  GET  /v1/ship/idea/plans
query  GET  /v1/ship/idea/priorities
query  GET  /v1/ship/idea/properties
query  GET  /v1/ship/idea/states
query  GET  /v1/ship/idea/suites
query  GET  /v1/ship/idea_priorities
query  GET  /v1/ship/idea_properties
query  GET  /v1/ship/idea_property_plans
query  GET  /v1/ship/idea_property_plans/{property_plan_id}/idea_properties
query  GET  /v1/ship/idea_states
query  GET  /v1/ship/ideas
query  GET  /v1/ship/ideas/{idea_id}/transition_histories
query  GET  /v1/ship/products
query  GET  /v1/ship/products/{product_id}/channels
query  GET  /v1/ship/products/{product_id}/customers
query  GET  /v1/ship/products/{product_id}/members
query  GET  /v1/ship/products/{product_id}/plans
query  GET  /v1/ship/products/{product_id}/suites
query  GET  /v1/ship/products/{product_id}/tags
query  GET  /v1/ship/products/{product_id}/ticket_types
query  GET  /v1/ship/products/{product_id}/users
query  GET  /v1/ship/ticket/channels
query  GET  /v1/ship/ticket/priorities
query  GET  /v1/ship/ticket/properties
query  GET  /v1/ship/ticket/solutions
query  GET  /v1/ship/ticket/states
query  GET  /v1/ship/ticket/tags
query  GET  /v1/ship/ticket/types
query  GET  /v1/ship/ticket_priorities
query  GET  /v1/ship/ticket_properties
query  GET  /v1/ship/ticket_property_plans
query  GET  /v1/ship/ticket_property_plans/{property_plan_id}/ticket_properties
query  GET  /v1/ship/ticket_solutions
query  GET  /v1/ship/ticket_state_plans
query  GET  /v1/ship/ticket_state_plans/{state_plan_id}/ticket_state_flows
query  GET  /v1/ship/ticket_state_plans/{state_plan_id}/ticket_states
query  GET  /v1/ship/ticket_states
query  GET  /v1/ship/ticket_types
query  GET  /v1/ship/tickets
query  GET  /v1/ship/tickets/{ticket_id}/transition_histories
query  GET  /v1/testhub/case/properties
query  GET  /v1/testhub/case/states
query  GET  /v1/testhub/case/suites
query  GET  /v1/testhub/case/types
query  GET  /v1/testhub/case_important_levels
query  GET  /v1/testhub/case_properties
query  GET  /v1/testhub/case_property_plans
query  GET  /v1/testhub/case_property_plans/{property_plan_id}/case_properties
query  GET  /v1/testhub/case_states
query  GET  /v1/testhub/case_types
query  GET  /v1/testhub/cases
query  GET  /v1/testhub/cases/{case_id}/histories
query  GET  /v1/testhub/libraries
query  GET  /v1/testhub/libraries/{library_id}/members
query  GET  /v1/testhub/libraries/{library_id}/plan_types
query  GET  /v1/testhub/libraries/{library_id}/plans
query  GET  /v1/testhub/libraries/{library_id}/suites
query  GET  /v1/testhub/plan_states
query  GET  /v1/testhub/run/statuses
query  GET  /v1/testhub/run_statuses
query  GET  /v1/testhub/runs
query  GET  /v1/testhub/runs/{run_id}/histories
query  GET  /v1/wiki/pages
query  GET  /v1/wiki/pages/{page_id}/versions
query  GET  /v1/wiki/spaces
query  GET  /v1/wiki/spaces/{space_id}/members
query  GET  /v1/workload_types
query  GET  /v1/workloads
search POST /v1/pjm/work_items/search
search POST /v1/ship/ideas/search
search POST /v1/ship/tickets/search
search POST /v1/testhub/cases/search
search POST /v1/testhub/runs/search"
`;
